[dotenv@17.3.1] injecting env (3) from .env.local -- tip: ΓÜÖ∩╕Å  write to custom object with { processEnv: myObject }
Querying for: "[N─âm 2026] c├┤ng thß╗⌐c t├¡nh ─æiß╗âm thi THPT ph╞░╞íng thß╗⌐c 3"
Found 5 chunks.

--- CHUNK 1 (Year: undefined, Similarity: 0.7348) ---
- ─Éiß╗âm cß╗Öng cß╗ºa th├¡ sinh ─æ╞░ß╗úc x├íc ─æß╗ïnh l├á tß╗òng ─æiß╗âm ╞░u ti├¬n khu vß╗▒c, ─æiß╗âm ╞░u ti├¬n ─æß╗æi t╞░ß╗úng v├á ─æiß╗âm th╞░ß╗ƒng quy ─æß╗ïnh cß╗ºa Bß╗Ö C├┤ng an, theo c├┤ng thß╗⌐c: ─ÉC = ─ÉT + KV + ─Éth. Trong ─æ├│ ─ÉC l├á ─æiß╗âm cß╗Öng, ─ÉT l├á ─æiß╗âm ╞░u ti├¬n ─æß╗æi t╞░ß╗úng, KV l├á ─æiß╗âm ╞░u ti├¬n khu vß╗▒c, ─Éth l├á ─æiß╗âm th╞░ß╗ƒng. Tr╞░ß╗¥ng hß╗úp th├¡ sinh ─æß║ít tß╗òng...

--- CHUNK 2 (Year: undefined, Similarity: 0.7348) ---
- ─Éiß╗âm cß╗Öng cß╗ºa th├¡ sinh ─æ╞░ß╗úc x├íc ─æß╗ïnh l├á tß╗òng ─æiß╗âm ╞░u ti├¬n khu vß╗▒c, ─æiß╗âm ╞░u ti├¬n ─æß╗æi t╞░ß╗úng v├á ─æiß╗âm th╞░ß╗ƒng quy ─æß╗ïnh cß╗ºa Bß╗Ö C├┤ng an, theo c├┤ng thß╗⌐c: ─ÉC = ─ÉT + KV + ─Éth. Trong ─æ├│ ─ÉC l├á ─æiß╗âm cß╗Öng, ─ÉT l├á ─æiß╗âm ╞░u ti├¬n ─æß╗æi t╞░ß╗úng, KV l├á ─æiß╗âm ╞░u ti├¬n khu vß╗▒c, ─Éth l├á ─æiß╗âm th╞░ß╗ƒng. Tr╞░ß╗¥ng hß╗úp th├¡ sinh ─æß║ít tß╗òng...

--- CHUNK 3 (Year: undefined, Similarity: 0.7325) ---
(2) B├ái kiß╗âm tra ─æ├ính gi├í ng╞░ß╗¥i dß╗▒ tuyß╗ân: do c├íc tr╞░ß╗¥ng CAND tß╗ò chß╗⌐c ─æ├ính gi├í bß║▒ng h├¼nh thß╗⌐c tß╗▒ luß║¡n; kiß╗âm tra ─æ├ính gi├í trong 01 buß╗òi, th├¡ sinh thß╗▒c hiß╗çn 01 b├ái ─æ├ính gi├í kiß║┐n thß╗⌐c v─ân h├│a trong ch╞░╞íng tr├¼nh trung hß╗ìc phß╗ò th├┤ng.

- C├┤ng thß╗⌐c t├¡nh ─æiß╗âm x├⌐t tuyß╗ân: ─ÉXT = H + B + ─ÉUT. 

Trong ─æ├│:

+ ─ÉXT ...

--- CHUNK 4 (Year: undefined, Similarity: 0.7325) ---
(2) B├ái kiß╗âm tra ─æ├ính gi├í ng╞░ß╗¥i dß╗▒ tuyß╗ân: do c├íc tr╞░ß╗¥ng CAND tß╗ò chß╗⌐c ─æ├ính gi├í bß║▒ng h├¼nh thß╗⌐c tß╗▒ luß║¡n; kiß╗âm tra ─æ├ính gi├í trong 01 buß╗òi, th├¡ sinh thß╗▒c hiß╗çn 01 b├ái ─æ├ính gi├í kiß║┐n thß╗⌐c v─ân h├│a trong ch╞░╞íng tr├¼nh trung hß╗ìc phß╗ò th├┤ng.

- C├┤ng thß╗⌐c t├¡nh ─æiß╗âm x├⌐t tuyß╗ân: ─ÉXT = H + B + ─ÉUT. 

Trong ─æ├│:

+ ─ÉXT ...

--- CHUNK 5 (Year: undefined, Similarity: 0.7325) ---
(2) B├ái kiß╗âm tra ─æ├ính gi├í ng╞░ß╗¥i dß╗▒ tuyß╗ân: do c├íc tr╞░ß╗¥ng CAND tß╗ò chß╗⌐c ─æ├ính gi├í bß║▒ng h├¼nh thß╗⌐c tß╗▒ luß║¡n; kiß╗âm tra ─æ├ính gi├í trong 01 buß╗òi, th├¡ sinh thß╗▒c hiß╗çn 01 b├ái ─æ├ính gi├í kiß║┐n thß╗⌐c v─ân h├│a trong ch╞░╞íng tr├¼nh trung hß╗ìc phß╗ò th├┤ng.

- C├┤ng thß╗⌐c t├¡nh ─æiß╗âm x├⌐t tuyß╗ân: ─ÉXT = H + B + ─ÉUT. 

Trong ─æ├│:

+ ─ÉXT ...

